// Jest Snapshot v1, https://goo.gl/fbAQLP

exports[`Screens/Home should match snapshot 1`] = `
<View
  style={
    Array [
      Object {
        "backgroundColor": "#F5F5F5",
        "flexBasis": 0,
        "flexGrow": 1,
        "flexShrink": 1,
      },
    ]
  }
>
  <View
    style={
      Array [
        Object {
          "alignItems": "center",
          "backgroundColor": "#030009",
          "justifyContent": "center",
          "paddingBottom": 8,
          "paddingLeft": 8,
          "paddingRight": 8,
          "paddingTop": 8,
          "width": "100%",
        },
      ]
    }
  >
    <Text
      style={
        Array [
          Object {
            "color": "#FFF",
          },
        ]
      }
    >
      Clientes
    </Text>
  </View>
  <View
    style={
      Object {
        "alignItems": "center",
        "flex": 1,
        "justifyContent": "center",
      }
    }
  >
    <ActivityIndicator
      animating={true}
      color="#000"
      hidesWhenStopped={true}
      size={50}
    />
  </View>
</View>
`;
